translate_offset (alectryon.core.PosView)
Doctest: alectryon.core.PosView.translate_offset ... ok
annotate (alectryon.core)
Doctest: alectryon.core.annotate ... ok
DeduplicatingSerializer (alectryon.json)
Doctest: alectryon.json.DeduplicatingSerializer ... ok
FullyDeduplicatingSerializer (alectryon.json)
Doctest: alectryon.json.FullyDeduplicatingSerializer ... ok
PlainSerializer (alectryon.json)
Doctest: alectryon.json.PlainSerializer ... ok
__len__ (alectryon.literate.Line)
Doctest: alectryon.literate.Line.__len__ ... ok
_last_coq_directive (alectryon.literate)
Doctest: alectryon.literate._last_coq_directive ... ok
coq2rst (alectryon.literate)
Doctest: alectryon.literate.coq2rst ... ok
coq_partition (alectryon.literate)
Doctest: alectryon.literate.coq_partition ... ok
rst2coq (alectryon.literate)
Doctest: alectryon.literate.rst2coq ... ok
rst_partition (alectryon.literate)
Doctest: alectryon.literate.rst_partition ... ok
cli (alectryon.minimal)
Doctest: alectryon.minimal.cli ... ok
StripErrorsTokenFilter (alectryon.pygments)
Doctest: alectryon.pygments.StripErrorsTokenFilter ... ok
add_tokens (alectryon.pygments)
Doctest: alectryon.pygments.add_tokens ... ok
highlight_html (alectryon.pygments)
Doctest: alectryon.pygments.highlight_html ... ok
_all_sub_objects (alectryon.transforms)
Doctest: alectryon.transforms._all_sub_objects ... ok
attach_comments_to_code (alectryon.transforms)
Doctest: alectryon.transforms.attach_comments_to_code ... ok
coalesce_text (alectryon.transforms)
Doctest: alectryon.transforms.coalesce_text ... ok
dedent (alectryon.transforms)
Doctest: alectryon.transforms.dedent ... ok
group_hypotheses (alectryon.transforms)
Doctest: alectryon.transforms.group_hypotheses ... ok
group_whitespace_with_code (alectryon.transforms)
Doctest: alectryon.transforms.group_whitespace_with_code ... ok
partition_fragments (alectryon.transforms)
Doctest: alectryon.transforms.partition_fragments ... ok

----------------------------------------------------------------------
Ran 22 tests

OK
