test_backend_gen (__main__.core) ... ok
test_validation (__main__.json) ... ok

----------------------------------------------------------------------
Ran 2 tests

OK
